[0.700s] Invoking command in '/home/vicen/ISDEFE/TurtleBot_DualSim/ros2_ws/src/dual_sim_bridge': DEBUGINFOD_URLS=https://debuginfod.ubuntu.com PYTHONPATH=/home/vicen/ISDEFE/TurtleBot_DualSim/ros2_ws/build/dual_sim_bridge/prefix_override:/usr/lib/python3/dist-packages/colcon_core/task/python/colcon_distutils_commands:/home/vicen/ISDEFE/TurtleBot_DualSim/ros2_ws/install/dual_sim_bridge/lib/python3.12/site-packages:${PYTHONPATH} /usr/bin/python3 -W ignore:setup.py install is deprecated -W ignore:easy_install command is deprecated setup.py egg_info --egg-base ../../build/dual_sim_bridge build --build-base /home/vicen/ISDEFE/TurtleBot_DualSim/ros2_ws/build/dual_sim_bridge/build install --record /home/vicen/ISDEFE/TurtleBot_DualSim/ros2_ws/build/dual_sim_bridge/install.log --single-version-externally-managed install_data
[0.926s] running egg_info
[0.945s] writing ../../build/dual_sim_bridge/dual_sim_bridge.egg-info/PKG-INFO
[0.945s] writing dependency_links to ../../build/dual_sim_bridge/dual_sim_bridge.egg-info/dependency_links.txt
[0.945s] writing entry points to ../../build/dual_sim_bridge/dual_sim_bridge.egg-info/entry_points.txt
[0.945s] writing requirements to ../../build/dual_sim_bridge/dual_sim_bridge.egg-info/requires.txt
[0.946s] writing top-level names to ../../build/dual_sim_bridge/dual_sim_bridge.egg-info/top_level.txt
[0.983s] reading manifest file '../../build/dual_sim_bridge/dual_sim_bridge.egg-info/SOURCES.txt'
[0.984s] writing manifest file '../../build/dual_sim_bridge/dual_sim_bridge.egg-info/SOURCES.txt'
[0.984s] running build
[0.985s] running build_py
[0.985s] copying dual_sim_bridge/hla_manager.py -> /home/vicen/ISDEFE/TurtleBot_DualSim/ros2_ws/build/dual_sim_bridge/build/lib/dual_sim_bridge
[0.985s] copying dual_sim_bridge/bridge_node.py -> /home/vicen/ISDEFE/TurtleBot_DualSim/ros2_ws/build/dual_sim_bridge/build/lib/dual_sim_bridge
[0.985s] copying dual_sim_bridge/__init__.py -> /home/vicen/ISDEFE/TurtleBot_DualSim/ros2_ws/build/dual_sim_bridge/build/lib/dual_sim_bridge
[0.985s] running install
[0.988s] running install_lib
[1.007s] running install_data
[1.007s] copying resource/dual_sim_bridge -> /home/vicen/ISDEFE/TurtleBot_DualSim/ros2_ws/install/dual_sim_bridge/share/ament_index/resource_index/packages
[1.008s] copying package.xml -> /home/vicen/ISDEFE/TurtleBot_DualSim/ros2_ws/install/dual_sim_bridge/share/dual_sim_bridge
[1.008s] copying config/gazebo_bridge.yaml -> /home/vicen/ISDEFE/TurtleBot_DualSim/ros2_ws/install/dual_sim_bridge/share/dual_sim_bridge/config
[1.008s] copying fom/DualSimFOM.xml -> /home/vicen/ISDEFE/TurtleBot_DualSim/ros2_ws/install/dual_sim_bridge/share/dual_sim_bridge/fom
[1.008s] copying launch/gazebo_bridge.launch.py -> /home/vicen/ISDEFE/TurtleBot_DualSim/ros2_ws/install/dual_sim_bridge/share/dual_sim_bridge/launch
[1.008s] running install_egg_info
[1.026s] removing '/home/vicen/ISDEFE/TurtleBot_DualSim/ros2_ws/install/dual_sim_bridge/lib/python3.12/site-packages/dual_sim_bridge-1.0.0-py3.12.egg-info' (and everything under it)
[1.026s] Copying ../../build/dual_sim_bridge/dual_sim_bridge.egg-info to /home/vicen/ISDEFE/TurtleBot_DualSim/ros2_ws/install/dual_sim_bridge/lib/python3.12/site-packages/dual_sim_bridge-1.0.0-py3.12.egg-info
[1.027s] running install_scripts
[1.129s] Installing bridge_node script to /home/vicen/ISDEFE/TurtleBot_DualSim/ros2_ws/install/dual_sim_bridge/lib/dual_sim_bridge
[1.129s] writing list of installed files to '/home/vicen/ISDEFE/TurtleBot_DualSim/ros2_ws/build/dual_sim_bridge/install.log'
[1.149s] Invoked command in '/home/vicen/ISDEFE/TurtleBot_DualSim/ros2_ws/src/dual_sim_bridge' returned '0': DEBUGINFOD_URLS=https://debuginfod.ubuntu.com PYTHONPATH=/home/vicen/ISDEFE/TurtleBot_DualSim/ros2_ws/build/dual_sim_bridge/prefix_override:/usr/lib/python3/dist-packages/colcon_core/task/python/colcon_distutils_commands:/home/vicen/ISDEFE/TurtleBot_DualSim/ros2_ws/install/dual_sim_bridge/lib/python3.12/site-packages:${PYTHONPATH} /usr/bin/python3 -W ignore:setup.py install is deprecated -W ignore:easy_install command is deprecated setup.py egg_info --egg-base ../../build/dual_sim_bridge build --build-base /home/vicen/ISDEFE/TurtleBot_DualSim/ros2_ws/build/dual_sim_bridge/build install --record /home/vicen/ISDEFE/TurtleBot_DualSim/ros2_ws/build/dual_sim_bridge/install.log --single-version-externally-managed install_data
