[0.113s] colcon DEBUG Command line arguments: ['/usr/bin/colcon', 'build', '--packages-select', 'dual_sim_bridge']
[0.113s] colcon DEBUG Parsed command line arguments: Namespace(log_base=None, log_level=None, verb_name='build', build_base='build', install_base='install', merge_install=False, symlink_install=False, test_result_base=None, continue_on_error=False, executor='parallel', parallel_workers=20, event_handlers=None, ignore_user_meta=False, metas=['./colcon.meta'], base_paths=['.'], packages_ignore=None, packages_ignore_regex=None, paths=None, packages_up_to=None, packages_up_to_regex=None, packages_above=None, packages_above_and_dependencies=None, packages_above_depth=None, packages_select_by_dep=None, packages_skip_by_dep=None, packages_skip_up_to=None, packages_select_build_failed=False, packages_skip_build_finished=False, packages_select_test_failures=False, packages_skip_test_passed=False, packages_select=['dual_sim_bridge'], packages_skip=None, packages_select_regex=None, packages_skip_regex=None, packages_start=None, packages_end=None, allow_overriding=[], cmake_args=None, cmake_target=None, cmake_target_skip_unavailable=False, cmake_clean_cache=False, cmake_clean_first=False, cmake_force_configure=False, ament_cmake_args=None, catkin_cmake_args=None, catkin_skip_building_tests=False, mixin_files=None, mixin=None, verb_parser=<colcon_mixin.mixin.mixin_argument.MixinArgumentDecorator object at 0x7627b23d4530>, verb_extension=<colcon_core.verb.build.BuildVerb object at 0x7627b23d4230>, main=<bound method BuildVerb.main of <colcon_core.verb.build.BuildVerb object at 0x7627b23d4230>>, mixin_verb=('build',))
[0.138s] colcon.colcon_core.package_discovery Level 1 discover_packages(colcon_meta) check parameters
[0.138s] colcon.colcon_core.package_discovery Level 1 discover_packages(recursive) check parameters
[0.138s] colcon.colcon_core.package_discovery Level 1 discover_packages(ignore) check parameters
[0.138s] colcon.colcon_core.package_discovery Level 1 discover_packages(path) check parameters
[0.138s] colcon.colcon_core.package_discovery Level 1 discover_packages(colcon_meta) discover
[0.138s] colcon.colcon_core.package_discovery Level 1 discover_packages(recursive) discover
[0.139s] colcon.colcon_core.package_discovery INFO Crawling recursively for packages in '/home/vicen/ISDEFE/TurtleBot_DualSim/ros2_ws'
[0.139s] colcon.colcon_core.package_identification Level 1 _identify(.) by extensions ['ignore', 'ignore_ament_install']
[0.139s] colcon.colcon_core.package_identification Level 1 _identify(.) by extension 'ignore'
[0.139s] colcon.colcon_core.package_identification Level 1 _identify(.) by extension 'ignore_ament_install'
[0.139s] colcon.colcon_core.package_identification Level 1 _identify(.) by extensions ['colcon_pkg']
[0.139s] colcon.colcon_core.package_identification Level 1 _identify(.) by extension 'colcon_pkg'
[0.139s] colcon.colcon_core.package_identification Level 1 _identify(.) by extensions ['colcon_meta']
[0.139s] colcon.colcon_core.package_identification Level 1 _identify(.) by extension 'colcon_meta'
[0.139s] colcon.colcon_core.package_identification Level 1 _identify(.) by extensions ['ros']
[0.139s] colcon.colcon_core.package_identification Level 1 _identify(.) by extension 'ros'
[0.155s] colcon.colcon_core.package_identification Level 1 _identify(.) by extensions ['cmake', 'python']
[0.155s] colcon.colcon_core.package_identification Level 1 _identify(.) by extension 'cmake'
[0.155s] colcon.colcon_core.package_identification Level 1 _identify(.) by extension 'python'
[0.155s] colcon.colcon_core.package_identification Level 1 _identify(.) by extensions ['python_setup_py']
[0.155s] colcon.colcon_core.package_identification Level 1 _identify(.) by extension 'python_setup_py'
[0.155s] colcon.colcon_core.package_identification Level 1 _identify(build) by extensions ['ignore', 'ignore_ament_install']
[0.155s] colcon.colcon_core.package_identification Level 1 _identify(build) by extension 'ignore'
[0.155s] colcon.colcon_core.package_identification Level 1 _identify(build) ignored
[0.155s] colcon.colcon_core.package_identification Level 1 _identify(install) by extensions ['ignore', 'ignore_ament_install']
[0.156s] colcon.colcon_core.package_identification Level 1 _identify(install) by extension 'ignore'
[0.156s] colcon.colcon_core.package_identification Level 1 _identify(install) ignored
[0.156s] colcon.colcon_core.package_identification Level 1 _identify(log) by extensions ['ignore', 'ignore_ament_install']
[0.156s] colcon.colcon_core.package_identification Level 1 _identify(log) by extension 'ignore'
[0.156s] colcon.colcon_core.package_identification Level 1 _identify(log) ignored
[0.156s] colcon.colcon_core.package_identification Level 1 _identify(src) by extensions ['ignore', 'ignore_ament_install']
[0.156s] colcon.colcon_core.package_identification Level 1 _identify(src) by extension 'ignore'
[0.156s] colcon.colcon_core.package_identification Level 1 _identify(src) by extension 'ignore_ament_install'
[0.156s] colcon.colcon_core.package_identification Level 1 _identify(src) by extensions ['colcon_pkg']
[0.156s] colcon.colcon_core.package_identification Level 1 _identify(src) by extension 'colcon_pkg'
[0.156s] colcon.colcon_core.package_identification Level 1 _identify(src) by extensions ['colcon_meta']
[0.156s] colcon.colcon_core.package_identification Level 1 _identify(src) by extension 'colcon_meta'
[0.156s] colcon.colcon_core.package_identification Level 1 _identify(src) by extensions ['ros']
[0.156s] colcon.colcon_core.package_identification Level 1 _identify(src) by extension 'ros'
[0.156s] colcon.colcon_core.package_identification Level 1 _identify(src) by extensions ['cmake', 'python']
[0.156s] colcon.colcon_core.package_identification Level 1 _identify(src) by extension 'cmake'
[0.156s] colcon.colcon_core.package_identification Level 1 _identify(src) by extension 'python'
[0.156s] colcon.colcon_core.package_identification Level 1 _identify(src) by extensions ['python_setup_py']
[0.156s] colcon.colcon_core.package_identification Level 1 _identify(src) by extension 'python_setup_py'
[0.156s] colcon.colcon_core.package_identification Level 1 _identify(src/dual_sim_bridge) by extensions ['ignore', 'ignore_ament_install']
[0.156s] colcon.colcon_core.package_identification Level 1 _identify(src/dual_sim_bridge) by extension 'ignore'
[0.156s] colcon.colcon_core.package_identification Level 1 _identify(src/dual_sim_bridge) by extension 'ignore_ament_install'
[0.156s] colcon.colcon_core.package_identification Level 1 _identify(src/dual_sim_bridge) by extensions ['colcon_pkg']
[0.156s] colcon.colcon_core.package_identification Level 1 _identify(src/dual_sim_bridge) by extension 'colcon_pkg'
[0.156s] colcon.colcon_core.package_identification Level 1 _identify(src/dual_sim_bridge) by extensions ['colcon_meta']
[0.156s] colcon.colcon_core.package_identification Level 1 _identify(src/dual_sim_bridge) by extension 'colcon_meta'
[0.156s] colcon.colcon_core.package_identification Level 1 _identify(src/dual_sim_bridge) by extensions ['ros']
[0.156s] colcon.colcon_core.package_identification Level 1 _identify(src/dual_sim_bridge) by extension 'ros'
[0.158s] colcon.colcon_core.package_identification DEBUG Package 'src/dual_sim_bridge' with type 'ros.ament_python' and name 'dual_sim_bridge'
[0.158s] colcon.colcon_core.package_discovery Level 1 discover_packages(recursive) using defaults
[0.158s] colcon.colcon_core.package_discovery Level 1 discover_packages(ignore) discover
[0.158s] colcon.colcon_core.package_discovery Level 1 discover_packages(ignore) using defaults
[0.158s] colcon.colcon_core.package_discovery Level 1 discover_packages(path) discover
[0.158s] colcon.colcon_core.package_discovery Level 1 discover_packages(path) using defaults
[0.168s] colcon.colcon_core.package_discovery Level 1 discover_packages(prefix_path) check parameters
[0.168s] colcon.colcon_core.package_discovery Level 1 discover_packages(prefix_path) discover
[0.170s] colcon.colcon_installed_package_information.package_discovery DEBUG Found 559 installed packages in /opt/ros/jazzy
[0.171s] colcon.colcon_core.package_discovery Level 1 discover_packages(prefix_path) using defaults
[0.219s] colcon.colcon_core.verb Level 5 set package 'dual_sim_bridge' build argument 'cmake_args' from command line to 'None'
[0.219s] colcon.colcon_core.verb Level 5 set package 'dual_sim_bridge' build argument 'cmake_target' from command line to 'None'
[0.219s] colcon.colcon_core.verb Level 5 set package 'dual_sim_bridge' build argument 'cmake_target_skip_unavailable' from command line to 'False'
[0.219s] colcon.colcon_core.verb Level 5 set package 'dual_sim_bridge' build argument 'cmake_clean_cache' from command line to 'False'
[0.219s] colcon.colcon_core.verb Level 5 set package 'dual_sim_bridge' build argument 'cmake_clean_first' from command line to 'False'
[0.219s] colcon.colcon_core.verb Level 5 set package 'dual_sim_bridge' build argument 'cmake_force_configure' from command line to 'False'
[0.219s] colcon.colcon_core.verb Level 5 set package 'dual_sim_bridge' build argument 'ament_cmake_args' from command line to 'None'
[0.219s] colcon.colcon_core.verb Level 5 set package 'dual_sim_bridge' build argument 'catkin_cmake_args' from command line to 'None'
[0.219s] colcon.colcon_core.verb Level 5 set package 'dual_sim_bridge' build argument 'catkin_skip_building_tests' from command line to 'False'
[0.219s] colcon.colcon_core.verb DEBUG Building package 'dual_sim_bridge' with the following arguments: {'ament_cmake_args': None, 'build_base': '/home/vicen/ISDEFE/TurtleBot_DualSim/ros2_ws/build/dual_sim_bridge', 'catkin_cmake_args': None, 'catkin_skip_building_tests': False, 'cmake_args': None, 'cmake_clean_cache': False, 'cmake_clean_first': False, 'cmake_force_configure': False, 'cmake_target': None, 'cmake_target_skip_unavailable': False, 'install_base': '/home/vicen/ISDEFE/TurtleBot_DualSim/ros2_ws/install/dual_sim_bridge', 'merge_install': False, 'path': '/home/vicen/ISDEFE/TurtleBot_DualSim/ros2_ws/src/dual_sim_bridge', 'symlink_install': False, 'test_result_base': None}
[0.219s] colcon.colcon_core.executor INFO Executing jobs using 'parallel' executor
[0.220s] colcon.colcon_parallel_executor.executor.parallel DEBUG run_until_complete
[0.220s] colcon.colcon_ros.task.ament_python.build INFO Building ROS package in '/home/vicen/ISDEFE/TurtleBot_DualSim/ros2_ws/src/dual_sim_bridge' with build type 'ament_python'
[0.220s] colcon.colcon_core.shell Level 1 create_environment_hook('dual_sim_bridge', 'ament_prefix_path')
[0.221s] colcon.colcon_core.plugin_system INFO Skipping extension 'colcon_core.shell.bat': Not used on non-Windows systems
[0.222s] colcon.colcon_core.shell INFO Creating environment hook '/home/vicen/ISDEFE/TurtleBot_DualSim/ros2_ws/install/dual_sim_bridge/share/dual_sim_bridge/hook/ament_prefix_path.ps1'
[0.222s] colcon.colcon_core.shell INFO Creating environment descriptor '/home/vicen/ISDEFE/TurtleBot_DualSim/ros2_ws/install/dual_sim_bridge/share/dual_sim_bridge/hook/ament_prefix_path.dsv'
[0.222s] colcon.colcon_core.shell INFO Creating environment hook '/home/vicen/ISDEFE/TurtleBot_DualSim/ros2_ws/install/dual_sim_bridge/share/dual_sim_bridge/hook/ament_prefix_path.sh'
[0.223s] colcon.colcon_core.shell INFO Skip shell extension 'powershell' for command environment: Not usable outside of PowerShell
[0.223s] colcon.colcon_core.shell DEBUG Skip shell extension 'dsv' for command environment
[0.412s] colcon.colcon_core.task.python.build INFO Building Python package in '/home/vicen/ISDEFE/TurtleBot_DualSim/ros2_ws/src/dual_sim_bridge'
[0.412s] colcon.colcon_core.shell INFO Skip shell extension 'powershell' for command environment: Not usable outside of PowerShell
[0.412s] colcon.colcon_core.shell DEBUG Skip shell extension 'dsv' for command environment
[0.920s] colcon.colcon_core.event_handler.log_command DEBUG Invoking command in '/home/vicen/ISDEFE/TurtleBot_DualSim/ros2_ws/src/dual_sim_bridge': DEBUGINFOD_URLS=https://debuginfod.ubuntu.com PYTHONPATH=/home/vicen/ISDEFE/TurtleBot_DualSim/ros2_ws/build/dual_sim_bridge/prefix_override:/usr/lib/python3/dist-packages/colcon_core/task/python/colcon_distutils_commands:/home/vicen/ISDEFE/TurtleBot_DualSim/ros2_ws/install/dual_sim_bridge/lib/python3.12/site-packages:${PYTHONPATH} /usr/bin/python3 -W ignore:setup.py install is deprecated -W ignore:easy_install command is deprecated setup.py egg_info --egg-base ../../build/dual_sim_bridge build --build-base /home/vicen/ISDEFE/TurtleBot_DualSim/ros2_ws/build/dual_sim_bridge/build install --record /home/vicen/ISDEFE/TurtleBot_DualSim/ros2_ws/build/dual_sim_bridge/install.log --single-version-externally-managed install_data
[1.370s] colcon.colcon_core.event_handler.log_command DEBUG Invoked command in '/home/vicen/ISDEFE/TurtleBot_DualSim/ros2_ws/src/dual_sim_bridge' returned '0': DEBUGINFOD_URLS=https://debuginfod.ubuntu.com PYTHONPATH=/home/vicen/ISDEFE/TurtleBot_DualSim/ros2_ws/build/dual_sim_bridge/prefix_override:/usr/lib/python3/dist-packages/colcon_core/task/python/colcon_distutils_commands:/home/vicen/ISDEFE/TurtleBot_DualSim/ros2_ws/install/dual_sim_bridge/lib/python3.12/site-packages:${PYTHONPATH} /usr/bin/python3 -W ignore:setup.py install is deprecated -W ignore:easy_install command is deprecated setup.py egg_info --egg-base ../../build/dual_sim_bridge build --build-base /home/vicen/ISDEFE/TurtleBot_DualSim/ros2_ws/build/dual_sim_bridge/build install --record /home/vicen/ISDEFE/TurtleBot_DualSim/ros2_ws/build/dual_sim_bridge/install.log --single-version-externally-managed install_data
[1.371s] colcon.colcon_core.environment Level 1 checking '/home/vicen/ISDEFE/TurtleBot_DualSim/ros2_ws/install/dual_sim_bridge' for CMake module files
[1.371s] colcon.colcon_core.environment Level 1 checking '/home/vicen/ISDEFE/TurtleBot_DualSim/ros2_ws/install/dual_sim_bridge' for CMake config files
[1.372s] colcon.colcon_core.environment Level 1 checking '/home/vicen/ISDEFE/TurtleBot_DualSim/ros2_ws/install/dual_sim_bridge/lib'
[1.372s] colcon.colcon_core.environment Level 1 checking '/home/vicen/ISDEFE/TurtleBot_DualSim/ros2_ws/install/dual_sim_bridge/bin'
[1.372s] colcon.colcon_core.environment Level 1 checking '/home/vicen/ISDEFE/TurtleBot_DualSim/ros2_ws/install/dual_sim_bridge/lib/pkgconfig/dual_sim_bridge.pc'
[1.372s] colcon.colcon_core.environment Level 1 checking '/home/vicen/ISDEFE/TurtleBot_DualSim/ros2_ws/install/dual_sim_bridge/lib/python3.12/site-packages'
[1.372s] colcon.colcon_core.shell Level 1 create_environment_hook('dual_sim_bridge', 'pythonpath')
[1.372s] colcon.colcon_core.shell INFO Creating environment hook '/home/vicen/ISDEFE/TurtleBot_DualSim/ros2_ws/install/dual_sim_bridge/share/dual_sim_bridge/hook/pythonpath.ps1'
[1.372s] colcon.colcon_core.shell INFO Creating environment descriptor '/home/vicen/ISDEFE/TurtleBot_DualSim/ros2_ws/install/dual_sim_bridge/share/dual_sim_bridge/hook/pythonpath.dsv'
[1.372s] colcon.colcon_core.shell INFO Creating environment hook '/home/vicen/ISDEFE/TurtleBot_DualSim/ros2_ws/install/dual_sim_bridge/share/dual_sim_bridge/hook/pythonpath.sh'
[1.373s] colcon.colcon_core.environment Level 1 checking '/home/vicen/ISDEFE/TurtleBot_DualSim/ros2_ws/install/dual_sim_bridge/bin'
[1.373s] colcon.colcon_core.environment Level 1 create_environment_scripts_only(dual_sim_bridge)
[1.373s] colcon.colcon_core.shell INFO Creating package script '/home/vicen/ISDEFE/TurtleBot_DualSim/ros2_ws/install/dual_sim_bridge/share/dual_sim_bridge/package.ps1'
[1.373s] colcon.colcon_core.shell INFO Creating package descriptor '/home/vicen/ISDEFE/TurtleBot_DualSim/ros2_ws/install/dual_sim_bridge/share/dual_sim_bridge/package.dsv'
[1.373s] colcon.colcon_core.shell INFO Creating package script '/home/vicen/ISDEFE/TurtleBot_DualSim/ros2_ws/install/dual_sim_bridge/share/dual_sim_bridge/package.sh'
[1.374s] colcon.colcon_core.shell INFO Creating package script '/home/vicen/ISDEFE/TurtleBot_DualSim/ros2_ws/install/dual_sim_bridge/share/dual_sim_bridge/package.bash'
[1.374s] colcon.colcon_core.shell INFO Creating package script '/home/vicen/ISDEFE/TurtleBot_DualSim/ros2_ws/install/dual_sim_bridge/share/dual_sim_bridge/package.zsh'
[1.374s] colcon.colcon_core.environment Level 1 create_file_with_runtime_dependencies(/home/vicen/ISDEFE/TurtleBot_DualSim/ros2_ws/install/dual_sim_bridge/share/colcon-core/packages/dual_sim_bridge)
[1.374s] colcon.colcon_parallel_executor.executor.parallel DEBUG closing loop
[1.374s] colcon.colcon_parallel_executor.executor.parallel DEBUG loop closed
[1.374s] colcon.colcon_parallel_executor.executor.parallel DEBUG run_until_complete finished with '0'
[1.374s] colcon.colcon_core.event_reactor DEBUG joining thread
[1.379s] colcon.colcon_core.plugin_system INFO Skipping extension 'colcon_notification.desktop_notification.terminal_notifier': Not used on non-Darwin systems
[1.379s] colcon.colcon_core.plugin_system INFO Skipping extension 'colcon_notification.desktop_notification.win32': Not used on non-Windows systems
[1.379s] colcon.colcon_notification.desktop_notification INFO Sending desktop notification using 'notify2'
[1.385s] colcon.colcon_core.event_reactor DEBUG joined thread
[1.385s] colcon.colcon_core.shell INFO Creating prefix script '/home/vicen/ISDEFE/TurtleBot_DualSim/ros2_ws/install/local_setup.ps1'
[1.385s] colcon.colcon_core.shell INFO Creating prefix util module '/home/vicen/ISDEFE/TurtleBot_DualSim/ros2_ws/install/_local_setup_util_ps1.py'
[1.386s] colcon.colcon_core.shell INFO Creating prefix chain script '/home/vicen/ISDEFE/TurtleBot_DualSim/ros2_ws/install/setup.ps1'
[1.386s] colcon.colcon_core.shell INFO Creating prefix script '/home/vicen/ISDEFE/TurtleBot_DualSim/ros2_ws/install/local_setup.sh'
[1.386s] colcon.colcon_core.shell INFO Creating prefix util module '/home/vicen/ISDEFE/TurtleBot_DualSim/ros2_ws/install/_local_setup_util_sh.py'
[1.386s] colcon.colcon_core.shell INFO Creating prefix chain script '/home/vicen/ISDEFE/TurtleBot_DualSim/ros2_ws/install/setup.sh'
[1.387s] colcon.colcon_core.shell INFO Creating prefix script '/home/vicen/ISDEFE/TurtleBot_DualSim/ros2_ws/install/local_setup.bash'
[1.387s] colcon.colcon_core.shell INFO Creating prefix chain script '/home/vicen/ISDEFE/TurtleBot_DualSim/ros2_ws/install/setup.bash'
[1.387s] colcon.colcon_core.shell INFO Creating prefix script '/home/vicen/ISDEFE/TurtleBot_DualSim/ros2_ws/install/local_setup.zsh'
[1.387s] colcon.colcon_core.shell INFO Creating prefix chain script '/home/vicen/ISDEFE/TurtleBot_DualSim/ros2_ws/install/setup.zsh'
