[0.866s] Invoking command in '/home/vicen/ISDEFE/TurtleBot_DualSim/ros2_ws/src/dual_sim_bridge': DEBUGINFOD_URLS=https://debuginfod.ubuntu.com PYTHONPATH=/home/vicen/ISDEFE/TurtleBot_DualSim/ros2_ws/build/dual_sim_bridge/prefix_override:/usr/lib/python3/dist-packages/colcon_core/task/python/colcon_distutils_commands:/home/vicen/ISDEFE/TurtleBot_DualSim/ros2_ws/install/dual_sim_bridge/lib/python3.12/site-packages:${PYTHONPATH} /usr/bin/python3 -W ignore:setup.py install is deprecated -W ignore:easy_install command is deprecated setup.py egg_info --egg-base ../../build/dual_sim_bridge build --build-base /home/vicen/ISDEFE/TurtleBot_DualSim/ros2_ws/build/dual_sim_bridge/build install --record /home/vicen/ISDEFE/TurtleBot_DualSim/ros2_ws/build/dual_sim_bridge/install.log --single-version-externally-managed install_data
[1.091s] running egg_info
[1.091s] creating ../../build/dual_sim_bridge/dual_sim_bridge.egg-info
[1.108s] writing ../../build/dual_sim_bridge/dual_sim_bridge.egg-info/PKG-INFO
[1.108s] writing dependency_links to ../../build/dual_sim_bridge/dual_sim_bridge.egg-info/dependency_links.txt
[1.108s] writing entry points to ../../build/dual_sim_bridge/dual_sim_bridge.egg-info/entry_points.txt
[1.108s] writing requirements to ../../build/dual_sim_bridge/dual_sim_bridge.egg-info/requires.txt
[1.108s] writing top-level names to ../../build/dual_sim_bridge/dual_sim_bridge.egg-info/top_level.txt
[1.108s] writing manifest file '../../build/dual_sim_bridge/dual_sim_bridge.egg-info/SOURCES.txt'
[1.145s] reading manifest file '../../build/dual_sim_bridge/dual_sim_bridge.egg-info/SOURCES.txt'
[1.145s] writing manifest file '../../build/dual_sim_bridge/dual_sim_bridge.egg-info/SOURCES.txt'
[1.145s] running build
[1.145s] running build_py
[1.145s] creating /home/vicen/ISDEFE/TurtleBot_DualSim/ros2_ws/build/dual_sim_bridge/build
[1.146s] creating /home/vicen/ISDEFE/TurtleBot_DualSim/ros2_ws/build/dual_sim_bridge/build/lib
[1.146s] creating /home/vicen/ISDEFE/TurtleBot_DualSim/ros2_ws/build/dual_sim_bridge/build/lib/dual_sim_bridge
[1.146s] copying dual_sim_bridge/hla_manager.py -> /home/vicen/ISDEFE/TurtleBot_DualSim/ros2_ws/build/dual_sim_bridge/build/lib/dual_sim_bridge
[1.146s] copying dual_sim_bridge/bridge_node.py -> /home/vicen/ISDEFE/TurtleBot_DualSim/ros2_ws/build/dual_sim_bridge/build/lib/dual_sim_bridge
[1.146s] copying dual_sim_bridge/__init__.py -> /home/vicen/ISDEFE/TurtleBot_DualSim/ros2_ws/build/dual_sim_bridge/build/lib/dual_sim_bridge
[1.146s] running install
[1.149s] running install_lib
[1.167s] creating /home/vicen/ISDEFE/TurtleBot_DualSim/ros2_ws/install/dual_sim_bridge/lib/python3.12/site-packages/dual_sim_bridge
[1.167s] copying /home/vicen/ISDEFE/TurtleBot_DualSim/ros2_ws/build/dual_sim_bridge/build/lib/dual_sim_bridge/hla_manager.py -> /home/vicen/ISDEFE/TurtleBot_DualSim/ros2_ws/install/dual_sim_bridge/lib/python3.12/site-packages/dual_sim_bridge
[1.167s] copying /home/vicen/ISDEFE/TurtleBot_DualSim/ros2_ws/build/dual_sim_bridge/build/lib/dual_sim_bridge/bridge_node.py -> /home/vicen/ISDEFE/TurtleBot_DualSim/ros2_ws/install/dual_sim_bridge/lib/python3.12/site-packages/dual_sim_bridge
[1.167s] copying /home/vicen/ISDEFE/TurtleBot_DualSim/ros2_ws/build/dual_sim_bridge/build/lib/dual_sim_bridge/__init__.py -> /home/vicen/ISDEFE/TurtleBot_DualSim/ros2_ws/install/dual_sim_bridge/lib/python3.12/site-packages/dual_sim_bridge
[1.167s] byte-compiling /home/vicen/ISDEFE/TurtleBot_DualSim/ros2_ws/install/dual_sim_bridge/lib/python3.12/site-packages/dual_sim_bridge/hla_manager.py to hla_manager.cpython-312.pyc
[1.170s] byte-compiling /home/vicen/ISDEFE/TurtleBot_DualSim/ros2_ws/install/dual_sim_bridge/lib/python3.12/site-packages/dual_sim_bridge/bridge_node.py to bridge_node.cpython-312.pyc
[1.172s] byte-compiling /home/vicen/ISDEFE/TurtleBot_DualSim/ros2_ws/install/dual_sim_bridge/lib/python3.12/site-packages/dual_sim_bridge/__init__.py to __init__.cpython-312.pyc
[1.172s] running install_data
[1.172s] creating /home/vicen/ISDEFE/TurtleBot_DualSim/ros2_ws/install/dual_sim_bridge/share/ament_index
[1.172s] creating /home/vicen/ISDEFE/TurtleBot_DualSim/ros2_ws/install/dual_sim_bridge/share/ament_index/resource_index
[1.172s] creating /home/vicen/ISDEFE/TurtleBot_DualSim/ros2_ws/install/dual_sim_bridge/share/ament_index/resource_index/packages
[1.172s] copying resource/dual_sim_bridge -> /home/vicen/ISDEFE/TurtleBot_DualSim/ros2_ws/install/dual_sim_bridge/share/ament_index/resource_index/packages
[1.172s] copying package.xml -> /home/vicen/ISDEFE/TurtleBot_DualSim/ros2_ws/install/dual_sim_bridge/share/dual_sim_bridge
[1.172s] creating /home/vicen/ISDEFE/TurtleBot_DualSim/ros2_ws/install/dual_sim_bridge/share/dual_sim_bridge/config
[1.172s] copying config/gazebo_bridge.yaml -> /home/vicen/ISDEFE/TurtleBot_DualSim/ros2_ws/install/dual_sim_bridge/share/dual_sim_bridge/config
[1.172s] creating /home/vicen/ISDEFE/TurtleBot_DualSim/ros2_ws/install/dual_sim_bridge/share/dual_sim_bridge/fom
[1.172s] copying fom/DualSimFOM.xml -> /home/vicen/ISDEFE/TurtleBot_DualSim/ros2_ws/install/dual_sim_bridge/share/dual_sim_bridge/fom
[1.172s] creating /home/vicen/ISDEFE/TurtleBot_DualSim/ros2_ws/install/dual_sim_bridge/share/dual_sim_bridge/launch
[1.172s] copying launch/gazebo_bridge.launch.py -> /home/vicen/ISDEFE/TurtleBot_DualSim/ros2_ws/install/dual_sim_bridge/share/dual_sim_bridge/launch
[1.172s] running install_egg_info
[1.189s] Copying ../../build/dual_sim_bridge/dual_sim_bridge.egg-info to /home/vicen/ISDEFE/TurtleBot_DualSim/ros2_ws/install/dual_sim_bridge/lib/python3.12/site-packages/dual_sim_bridge-1.0.0-py3.12.egg-info
[1.190s] running install_scripts
[1.289s] Installing bridge_node script to /home/vicen/ISDEFE/TurtleBot_DualSim/ros2_ws/install/dual_sim_bridge/lib/dual_sim_bridge
[1.289s] writing list of installed files to '/home/vicen/ISDEFE/TurtleBot_DualSim/ros2_ws/build/dual_sim_bridge/install.log'
[1.305s] Invoked command in '/home/vicen/ISDEFE/TurtleBot_DualSim/ros2_ws/src/dual_sim_bridge' returned '0': DEBUGINFOD_URLS=https://debuginfod.ubuntu.com PYTHONPATH=/home/vicen/ISDEFE/TurtleBot_DualSim/ros2_ws/build/dual_sim_bridge/prefix_override:/usr/lib/python3/dist-packages/colcon_core/task/python/colcon_distutils_commands:/home/vicen/ISDEFE/TurtleBot_DualSim/ros2_ws/install/dual_sim_bridge/lib/python3.12/site-packages:${PYTHONPATH} /usr/bin/python3 -W ignore:setup.py install is deprecated -W ignore:easy_install command is deprecated setup.py egg_info --egg-base ../../build/dual_sim_bridge build --build-base /home/vicen/ISDEFE/TurtleBot_DualSim/ros2_ws/build/dual_sim_bridge/build install --record /home/vicen/ISDEFE/TurtleBot_DualSim/ros2_ws/build/dual_sim_bridge/install.log --single-version-externally-managed install_data
