running egg_info
writing ../../build/dual_sim_bridge/dual_sim_bridge.egg-info/PKG-INFO
writing dependency_links to ../../build/dual_sim_bridge/dual_sim_bridge.egg-info/dependency_links.txt
writing entry points to ../../build/dual_sim_bridge/dual_sim_bridge.egg-info/entry_points.txt
writing requirements to ../../build/dual_sim_bridge/dual_sim_bridge.egg-info/requires.txt
writing top-level names to ../../build/dual_sim_bridge/dual_sim_bridge.egg-info/top_level.txt
reading manifest file '../../build/dual_sim_bridge/dual_sim_bridge.egg-info/SOURCES.txt'
writing manifest file '../../build/dual_sim_bridge/dual_sim_bridge.egg-info/SOURCES.txt'
running build
running build_py
copying dual_sim_bridge/hla_manager.py -> /home/vicen/ISDEFE/TurtleBot_DualSim/ros2_ws/build/dual_sim_bridge/build/lib/dual_sim_bridge
copying dual_sim_bridge/bridge_node.py -> /home/vicen/ISDEFE/TurtleBot_DualSim/ros2_ws/build/dual_sim_bridge/build/lib/dual_sim_bridge
copying dual_sim_bridge/__init__.py -> /home/vicen/ISDEFE/TurtleBot_DualSim/ros2_ws/build/dual_sim_bridge/build/lib/dual_sim_bridge
running install
running install_lib
copying /home/vicen/ISDEFE/TurtleBot_DualSim/ros2_ws/build/dual_sim_bridge/build/lib/dual_sim_bridge/bridge_node.py -> /home/vicen/ISDEFE/TurtleBot_DualSim/ros2_ws/install/dual_sim_bridge/lib/python3.12/site-packages/dual_sim_bridge
byte-compiling /home/vicen/ISDEFE/TurtleBot_DualSim/ros2_ws/install/dual_sim_bridge/lib/python3.12/site-packages/dual_sim_bridge/bridge_node.py to bridge_node.cpython-312.pyc
running install_data
copying resource/dual_sim_bridge -> /home/vicen/ISDEFE/TurtleBot_DualSim/ros2_ws/install/dual_sim_bridge/share/ament_index/resource_index/packages
copying package.xml -> /home/vicen/ISDEFE/TurtleBot_DualSim/ros2_ws/install/dual_sim_bridge/share/dual_sim_bridge
copying config/gazebo_bridge.yaml -> /home/vicen/ISDEFE/TurtleBot_DualSim/ros2_ws/install/dual_sim_bridge/share/dual_sim_bridge/config
copying fom/DualSimFOM.xml -> /home/vicen/ISDEFE/TurtleBot_DualSim/ros2_ws/install/dual_sim_bridge/share/dual_sim_bridge/fom
copying launch/gazebo_bridge.launch.py -> /home/vicen/ISDEFE/TurtleBot_DualSim/ros2_ws/install/dual_sim_bridge/share/dual_sim_bridge/launch
copying worlds/dual_rooms.sdf -> /home/vicen/ISDEFE/TurtleBot_DualSim/ros2_ws/install/dual_sim_bridge/share/dual_sim_bridge/worlds
running install_egg_info
removing '/home/vicen/ISDEFE/TurtleBot_DualSim/ros2_ws/install/dual_sim_bridge/lib/python3.12/site-packages/dual_sim_bridge-1.0.0-py3.12.egg-info' (and everything under it)
Copying ../../build/dual_sim_bridge/dual_sim_bridge.egg-info to /home/vicen/ISDEFE/TurtleBot_DualSim/ros2_ws/install/dual_sim_bridge/lib/python3.12/site-packages/dual_sim_bridge-1.0.0-py3.12.egg-info
running install_scripts
Installing bridge_node script to /home/vicen/ISDEFE/TurtleBot_DualSim/ros2_ws/install/dual_sim_bridge/lib/dual_sim_bridge
writing list of installed files to '/home/vicen/ISDEFE/TurtleBot_DualSim/ros2_ws/build/dual_sim_bridge/install.log'
