/home/vicen/ISDEFE/TurtleBot_DualSim/ros2_ws/install/dual_sim_bridge/lib/python3.12/site-packages/dual_sim_bridge/hla_manager.py
/home/vicen/ISDEFE/TurtleBot_DualSim/ros2_ws/install/dual_sim_bridge/lib/python3.12/site-packages/dual_sim_bridge/bridge_node.py
/home/vicen/ISDEFE/TurtleBot_DualSim/ros2_ws/install/dual_sim_bridge/lib/python3.12/site-packages/dual_sim_bridge/__init__.py
/home/vicen/ISDEFE/TurtleBot_DualSim/ros2_ws/install/dual_sim_bridge/lib/python3.12/site-packages/dual_sim_bridge/sdf_to_json.py
/home/vicen/ISDEFE/TurtleBot_DualSim/ros2_ws/install/dual_sim_bridge/lib/python3.12/site-packages/dual_sim_bridge/__pycache__/hla_manager.cpython-312.pyc
/home/vicen/ISDEFE/TurtleBot_DualSim/ros2_ws/install/dual_sim_bridge/lib/python3.12/site-packages/dual_sim_bridge/__pycache__/bridge_node.cpython-312.pyc
/home/vicen/ISDEFE/TurtleBot_DualSim/ros2_ws/install/dual_sim_bridge/lib/python3.12/site-packages/dual_sim_bridge/__pycache__/__init__.cpython-312.pyc
/home/vicen/ISDEFE/TurtleBot_DualSim/ros2_ws/install/dual_sim_bridge/lib/python3.12/site-packages/dual_sim_bridge/__pycache__/sdf_to_json.cpython-312.pyc
/home/vicen/ISDEFE/TurtleBot_DualSim/ros2_ws/install/dual_sim_bridge/share/ament_index/resource_index/packages/dual_sim_bridge
/home/vicen/ISDEFE/TurtleBot_DualSim/ros2_ws/install/dual_sim_bridge/share/dual_sim_bridge/package.xml
/home/vicen/ISDEFE/TurtleBot_DualSim/ros2_ws/install/dual_sim_bridge/share/dual_sim_bridge/config/gazebo_bridge.yaml
/home/vicen/ISDEFE/TurtleBot_DualSim/ros2_ws/install/dual_sim_bridge/share/dual_sim_bridge/fom/DualSimFOM.xml
/home/vicen/ISDEFE/TurtleBot_DualSim/ros2_ws/install/dual_sim_bridge/share/dual_sim_bridge/launch/gazebo_bridge.launch.py
/home/vicen/ISDEFE/TurtleBot_DualSim/ros2_ws/install/dual_sim_bridge/share/dual_sim_bridge/worlds/dual_rooms.sdf
/home/vicen/ISDEFE/TurtleBot_DualSim/ros2_ws/install/dual_sim_bridge/lib/python3.12/site-packages/dual_sim_bridge-1.0.0-py3.12.egg-info/SOURCES.txt
/home/vicen/ISDEFE/TurtleBot_DualSim/ros2_ws/install/dual_sim_bridge/lib/python3.12/site-packages/dual_sim_bridge-1.0.0-py3.12.egg-info/zip-safe
/home/vicen/ISDEFE/TurtleBot_DualSim/ros2_ws/install/dual_sim_bridge/lib/python3.12/site-packages/dual_sim_bridge-1.0.0-py3.12.egg-info/entry_points.txt
/home/vicen/ISDEFE/TurtleBot_DualSim/ros2_ws/install/dual_sim_bridge/lib/python3.12/site-packages/dual_sim_bridge-1.0.0-py3.12.egg-info/dependency_links.txt
/home/vicen/ISDEFE/TurtleBot_DualSim/ros2_ws/install/dual_sim_bridge/lib/python3.12/site-packages/dual_sim_bridge-1.0.0-py3.12.egg-info/PKG-INFO
/home/vicen/ISDEFE/TurtleBot_DualSim/ros2_ws/install/dual_sim_bridge/lib/python3.12/site-packages/dual_sim_bridge-1.0.0-py3.12.egg-info/requires.txt
/home/vicen/ISDEFE/TurtleBot_DualSim/ros2_ws/install/dual_sim_bridge/lib/python3.12/site-packages/dual_sim_bridge-1.0.0-py3.12.egg-info/top_level.txt
/home/vicen/ISDEFE/TurtleBot_DualSim/ros2_ws/install/dual_sim_bridge/lib/dual_sim_bridge/bridge_node
