[0.000000] (-) TimerEvent: {}
[0.000070] (dual_sim_bridge) JobQueued: {'identifier': 'dual_sim_bridge', 'dependencies': OrderedDict()}
[0.000421] (dual_sim_bridge) JobStarted: {'identifier': 'dual_sim_bridge'}
[0.099604] (-) TimerEvent: {}
[0.199713] (-) TimerEvent: {}
[0.299825] (-) TimerEvent: {}
[0.399948] (-) TimerEvent: {}
[0.500073] (-) TimerEvent: {}
[0.600202] (-) TimerEvent: {}
[0.700387] (-) TimerEvent: {}
[0.709271] (dual_sim_bridge) Command: {'cmd': ['/usr/bin/python3', '-W', 'ignore:setup.py install is deprecated', '-W', 'ignore:easy_install command is deprecated', 'setup.py', 'egg_info', '--egg-base', '../../build/dual_sim_bridge', 'build', '--build-base', '/home/vicen/ISDEFE/TurtleBot_DualSim/ros2_ws/build/dual_sim_bridge/build', 'install', '--record', '/home/vicen/ISDEFE/TurtleBot_DualSim/ros2_ws/build/dual_sim_bridge/install.log', '--single-version-externally-managed', 'install_data'], 'cwd': '/home/vicen/ISDEFE/TurtleBot_DualSim/ros2_ws/src/dual_sim_bridge', 'env': {'GZ_SIM_SYSTEM_PLUGIN_PATH': '/opt/ros/jazzy/lib/rmf_robot_sim_gz_plugins/:/opt/ros/jazzy/lib/rmf_building_sim_gz_plugins/', 'GJS_DEBUG_TOPICS': 'JS ERROR;JS LOG', 'LESSOPEN': '| /usr/bin/lesspipe %s', 'VSCODE_CWD': '/home/vicen', 'GZ_GUI_PLUGIN_PATH': '/opt/ros/jazzy/lib/rmf_robot_sim_gz_plugins/:/opt/ros/jazzy/lib/rmf_building_sim_gz_plugins/', 'VSCODE_ESM_ENTRYPOINT': 'vs/workbench/api/node/extensionHostProcess', 'GZ_SIM_RESOURCE_PATH': '/opt/ros/jazzy/share', 'USER': 'vicen', 'VSCODE_NLS_CONFIG': '{"userLocale":"en-us","osLocale":"en-us","resolvedLanguage":"en","defaultMessagesFile":"/usr/share/antigravity/resources/app/out/nls.messages.json","locale":"en-us","availableLanguages":{}}', 'GZ_CONFIG_PATH': '/opt/ros/jazzy/opt/gz_sim_vendor/share/gz:/opt/ros/jazzy/opt/sdformat_vendor/share/gz:/opt/ros/jazzy/opt/gz_gui_vendor/share/gz:/opt/ros/jazzy/opt/gz_transport_vendor/share/gz:/opt/ros/jazzy/opt/gz_rendering_vendor/share/gz:/opt/ros/jazzy/opt/gz_plugin_vendor/share/gz:/opt/ros/jazzy/opt/gz_fuel_tools_vendor/share/gz:/opt/ros/jazzy/opt/gz_msgs_vendor/share/gz:/opt/ros/jazzy/opt/gz_common_vendor/share/gz', 'VSCODE_HANDLES_UNCAUGHT_ERRORS': 'true', 'XDG_SESSION_TYPE': 'x11', 'CLUTTER_DISABLE_MIPMAPPED_TEXT': '1', 'SHLVL': '0', 'LD_LIBRARY_PATH': '/usr/local/cuda-13.0/lib64:/opt/ros/jazzy/opt/gz_sim_vendor/lib:/opt/ros/jazzy/opt/gz_sensors_vendor/lib:/opt/ros/jazzy/opt/gz_physics_vendor/lib:/opt/ros/jazzy/opt/sdformat_vendor/lib:/opt/ros/jazzy/opt/rviz_ogre_vendor/lib:/opt/ros/jazzy/lib/x86_64-linux-gnu:/opt/ros/jazzy/opt/gz_gui_vendor/lib:/opt/ros/jazzy/opt/gz_transport_vendor/lib:/opt/ros/jazzy/opt/gz_rendering_vendor/lib:/opt/ros/jazzy/opt/gz_plugin_vendor/lib:/opt/ros/jazzy/opt/gz_fuel_tools_vendor/lib:/opt/ros/jazzy/opt/gz_msgs_vendor/lib:/opt/ros/jazzy/opt/gz_common_vendor/lib:/opt/ros/jazzy/opt/gz_math_vendor/lib:/opt/ros/jazzy/opt/gz_utils_vendor/lib:/opt/ros/jazzy/opt/gz_tools_vendor/lib:/opt/ros/jazzy/opt/gz_ogre_next_vendor/lib:/opt/ros/jazzy/opt/gz_dartsim_vendor/lib:/opt/ros/jazzy/opt/gz_cmake_vendor/lib:/opt/ros/jazzy/lib', 'HOME': '/home/vicen', 'CHROME_DESKTOP': 'antigravity.desktop', 'CONDA_SHLVL': '0', 'DESKTOP_SESSION': 'ubuntu', 'NO_PROXY': '*.azureedge.net', 'NVM_BIN': '/home/vicen/.nvm/versions/node/v24.11.0/bin', 'NVM_INC': '/home/vicen/.nvm/versions/node/v24.11.0/include/node', 'VSCODE_IPC_HOOK': '/run/user/1000/vscode-73596a91-1.10-main.sock', 'GIO_LAUNCHED_DESKTOP_FILE': '/usr/share/applications/antigravity.desktop', 'ROS_PYTHON_VERSION': '3', 'GNOME_SHELL_SESSION_MODE': 'ubuntu', 'HOMEBREW_PREFIX': '/home/linuxbrew/.linuxbrew', 'GTK_MODULES': 'gail:atk-bridge', 'MANAGERPID': '2162', 'SYSTEMD_EXEC_PID': '4022', 'GSM_SKIP_SSH_AGENT_WORKAROUND': 'true', 'DBUS_SESSION_BUS_ADDRESS': 'unix:path=/run/user/1000/bus', 'ANTIGRAVITY_AGENT': '1', 'GIO_LAUNCHED_DESKTOP_FILE_PID': '8339', 'NVM_DIR': '/home/vicen/.nvm', 'VSCODE_CRASH_REPORTER_PROCESS_TYPE': 'extensionHost', 'DEBUGINFOD_URLS': 'https://debuginfod.ubuntu.com', 'INFOPATH': '/home/linuxbrew/.linuxbrew/share/info:', 'ROS_DISTRO': 'jazzy', 'LOGNAME': 'vicen', '_': '/usr/bin/colcon', 'JOURNAL_STREAM': '9:24513', 'ROS_VERSION': '2', 'MEMORY_PRESSURE_WATCH': '/sys/fs/cgroup/user.slice/user-1000.slice/user@1000.service/session.slice/org.gnome.Shell@x11.service/memory.pressure', 'XDG_SESSION_CLASS': 'user', 'USERNAME': 'vicen', 'GNOME_DESKTOP_SESSION_ID': 'this-is-deprecated', 'FC_FONTATIONS': '1', 'WINDOWPATH': '2', 'ANTIGRAVITY_EDITOR_APP_ROOT': '/usr/share/antigravity/resources/app', 'PATH': '/home/vicen/.local/bin:/usr/bin:/home/linuxbrew/.linuxbrew/bin:/home/linuxbrew/.linuxbrew/sbin:/usr/local/cuda-13.0/bin:/home/vicen/.nvm/versions/node/v24.11.0/bin:/home/vicen/anaconda3/condabin:/opt/ros/jazzy/opt/gz_msgs_vendor/bin:/opt/ros/jazzy/opt/gz_tools_vendor/bin:/opt/ros/jazzy/opt/gz_ogre_next_vendor/bin:/opt/ros/jazzy/bin:/home/vicen/.local/bin:/usr/local/sbin:/usr/local/bin:/usr/sbin:/usr/bin:/sbin:/bin:/usr/games:/usr/local/games:/snap/bin:/snap/bin', 'SESSION_MANAGER': 'local/vicen-Nitro-ANV15-52:@/tmp/.ICE-unix/3975,unix/vicen-Nitro-ANV15-52:/tmp/.ICE-unix/3975', 'INVOCATION_ID': '2eda2c0880a34801a342af9783c86ab3', 'HOMEBREW_CELLAR': '/home/linuxbrew/.linuxbrew/Cellar', 'XDG_MENU_PREFIX': 'gnome-', 'XDG_RUNTIME_DIR': '/run/user/1000', 'GDK_BACKEND': 'x11', 'DISPLAY': ':1', 'LANG': 'en_US.UTF-8', 'XDG_CURRENT_DESKTOP': 'ubuntu:GNOME', 'XMODIFIERS': '@im=ibus', 'XDG_SESSION_DESKTOP': 'ubuntu', 'XAUTHORITY': '/run/user/1000/gdm/Xauthority', 'SBX_CHROME_API_RQ': '1', 'SSH_AUTH_SOCK': '/run/user/1000/keyring/ssh', 'AMENT_PREFIX_PATH': '/opt/ros/jazzy', 'CONDA_PYTHON_EXE': '/home/vicen/anaconda3/bin/python', 'SHELL': '/bin/bash', 'QT_ACCESSIBILITY': '1', 'ELECTRON_RUN_AS_NODE': '1', 'GDMSESSION': 'ubuntu', 'LESSCLOSE': '/usr/bin/lesspipe %s %s', 'GPG_AGENT_INFO': '/run/user/1000/gnupg/S.gpg-agent:0:1', 'GJS_DEBUG_OUTPUT': 'stderr', 'ROS_AUTOMATIC_DISCOVERY_RANGE': 'SUBNET', 'QT_IM_MODULE': 'ibus', 'ANTIGRAVITY_TRAJECTORY_ID': '6bbeba10-052d-470c-9409-0b26f4383f6f', 'PWD': '/home/vicen/ISDEFE/TurtleBot_DualSim/ros2_ws/build/dual_sim_bridge', 'LC_ALL': 'en_US.UTF-8', 'XDG_CONFIG_DIRS': '/etc/xdg/xdg-ubuntu:/etc/xdg', 'CONDA_EXE': '/home/vicen/anaconda3/bin/conda', 'VSCODE_CODE_CACHE_PATH': '/home/vicen/.config/Antigravity/CachedData/98d96766f768718ad6d450edb79e635b58373f9f', 'XDG_DATA_DIRS': '/usr/share/ubuntu:/usr/share/gnome:/home/vicen/.local/share/flatpak/exports/share:/var/lib/flatpak/exports/share:/usr/local/share/:/usr/share/:/var/lib/snapd/desktop', 'QTWEBENGINE_DICTIONARIES_PATH': '/usr/share/hunspell-bdic/', 'PYTHONPATH': '/home/vicen/ISDEFE/TurtleBot_DualSim/ros2_ws/build/dual_sim_bridge/prefix_override:/usr/lib/python3/dist-packages/colcon_core/task/python/colcon_distutils_commands:/home/vicen/ISDEFE/TurtleBot_DualSim/ros2_ws/install/dual_sim_bridge/lib/python3.12/site-packages:/opt/ros/jazzy/lib/python/site-packages:/opt/ros/jazzy/lib/python3.12/site-packages::/opt/ros/jazzy/lib/yasmin_factory', 'HOMEBREW_REPOSITORY': '/home/linuxbrew/.linuxbrew/Homebrew', 'COLCON': '1', 'MEMORY_PRESSURE_WRITE': 'c29tZSAyMDAwMDAgMjAwMDAwMAA=', 'CMAKE_PREFIX_PATH': '/opt/ros/jazzy/opt/gz_sim_vendor:/opt/ros/jazzy/opt/gz_sensors_vendor:/opt/ros/jazzy/opt/gz_physics_vendor:/opt/ros/jazzy/opt/sdformat_vendor:/opt/ros/jazzy/opt/gz_gui_vendor:/opt/ros/jazzy/opt/gz_transport_vendor:/opt/ros/jazzy/opt/gz_rendering_vendor:/opt/ros/jazzy/opt/gz_plugin_vendor:/opt/ros/jazzy/opt/gz_fuel_tools_vendor:/opt/ros/jazzy/opt/gz_msgs_vendor:/opt/ros/jazzy/opt/gz_common_vendor:/opt/ros/jazzy/opt/gz_math_vendor:/opt/ros/jazzy/opt/gz_utils_vendor:/opt/ros/jazzy/opt/gz_tools_vendor:/opt/ros/jazzy/opt/gz_ogre_next_vendor:/opt/ros/jazzy/opt/gz_dartsim_vendor:/opt/ros/jazzy/opt/gz_cmake_vendor', 'VSCODE_PID': '8339'}, 'shell': False}
[0.800489] (-) TimerEvent: {}
[0.900674] (-) TimerEvent: {}
[0.970667] (dual_sim_bridge) StdoutLine: {'line': b'running egg_info\n'}
[0.991500] (dual_sim_bridge) StdoutLine: {'line': b'writing ../../build/dual_sim_bridge/dual_sim_bridge.egg-info/PKG-INFO\n'}
[0.992095] (dual_sim_bridge) StdoutLine: {'line': b'writing dependency_links to ../../build/dual_sim_bridge/dual_sim_bridge.egg-info/dependency_links.txt\n'}
[0.992322] (dual_sim_bridge) StdoutLine: {'line': b'writing entry points to ../../build/dual_sim_bridge/dual_sim_bridge.egg-info/entry_points.txt\n'}
[0.992364] (dual_sim_bridge) StdoutLine: {'line': b'writing requirements to ../../build/dual_sim_bridge/dual_sim_bridge.egg-info/requires.txt\n'}
[0.992410] (dual_sim_bridge) StdoutLine: {'line': b'writing top-level names to ../../build/dual_sim_bridge/dual_sim_bridge.egg-info/top_level.txt\n'}
[1.000746] (-) TimerEvent: {}
[1.035190] (dual_sim_bridge) StdoutLine: {'line': b"reading manifest file '../../build/dual_sim_bridge/dual_sim_bridge.egg-info/SOURCES.txt'\n"}
[1.035910] (dual_sim_bridge) StdoutLine: {'line': b"writing manifest file '../../build/dual_sim_bridge/dual_sim_bridge.egg-info/SOURCES.txt'\n"}
[1.036030] (dual_sim_bridge) StdoutLine: {'line': b'running build\n'}
[1.036069] (dual_sim_bridge) StdoutLine: {'line': b'running build_py\n'}
[1.036135] (dual_sim_bridge) StdoutLine: {'line': b'copying dual_sim_bridge/hla_manager.py -> /home/vicen/ISDEFE/TurtleBot_DualSim/ros2_ws/build/dual_sim_bridge/build/lib/dual_sim_bridge\n'}
[1.036268] (dual_sim_bridge) StdoutLine: {'line': b'copying dual_sim_bridge/bridge_node.py -> /home/vicen/ISDEFE/TurtleBot_DualSim/ros2_ws/build/dual_sim_bridge/build/lib/dual_sim_bridge\n'}
[1.036337] (dual_sim_bridge) StdoutLine: {'line': b'copying dual_sim_bridge/__init__.py -> /home/vicen/ISDEFE/TurtleBot_DualSim/ros2_ws/build/dual_sim_bridge/build/lib/dual_sim_bridge\n'}
[1.036479] (dual_sim_bridge) StdoutLine: {'line': b'running install\n'}
[1.040398] (dual_sim_bridge) StdoutLine: {'line': b'running install_lib\n'}
[1.062548] (dual_sim_bridge) StdoutLine: {'line': b'copying /home/vicen/ISDEFE/TurtleBot_DualSim/ros2_ws/build/dual_sim_bridge/build/lib/dual_sim_bridge/bridge_node.py -> /home/vicen/ISDEFE/TurtleBot_DualSim/ros2_ws/install/dual_sim_bridge/lib/python3.12/site-packages/dual_sim_bridge\n'}
[1.063043] (dual_sim_bridge) StdoutLine: {'line': b'byte-compiling /home/vicen/ISDEFE/TurtleBot_DualSim/ros2_ws/install/dual_sim_bridge/lib/python3.12/site-packages/dual_sim_bridge/bridge_node.py to bridge_node.cpython-312.pyc\n'}
[1.064637] (dual_sim_bridge) StdoutLine: {'line': b'running install_data\n'}
[1.065042] (dual_sim_bridge) StdoutLine: {'line': b'copying resource/dual_sim_bridge -> /home/vicen/ISDEFE/TurtleBot_DualSim/ros2_ws/install/dual_sim_bridge/share/ament_index/resource_index/packages\n'}
[1.065172] (dual_sim_bridge) StdoutLine: {'line': b'copying package.xml -> /home/vicen/ISDEFE/TurtleBot_DualSim/ros2_ws/install/dual_sim_bridge/share/dual_sim_bridge\n'}
[1.065220] (dual_sim_bridge) StdoutLine: {'line': b'copying config/gazebo_bridge.yaml -> /home/vicen/ISDEFE/TurtleBot_DualSim/ros2_ws/install/dual_sim_bridge/share/dual_sim_bridge/config\n'}
[1.065254] (dual_sim_bridge) StdoutLine: {'line': b'copying fom/DualSimFOM.xml -> /home/vicen/ISDEFE/TurtleBot_DualSim/ros2_ws/install/dual_sim_bridge/share/dual_sim_bridge/fom\n'}
[1.065286] (dual_sim_bridge) StdoutLine: {'line': b'copying launch/gazebo_bridge.launch.py -> /home/vicen/ISDEFE/TurtleBot_DualSim/ros2_ws/install/dual_sim_bridge/share/dual_sim_bridge/launch\n'}
[1.065316] (dual_sim_bridge) StdoutLine: {'line': b'running install_egg_info\n'}
[1.085790] (dual_sim_bridge) StdoutLine: {'line': b"removing '/home/vicen/ISDEFE/TurtleBot_DualSim/ros2_ws/install/dual_sim_bridge/lib/python3.12/site-packages/dual_sim_bridge-1.0.0-py3.12.egg-info' (and everything under it)\n"}
[1.085943] (dual_sim_bridge) StdoutLine: {'line': b'Copying ../../build/dual_sim_bridge/dual_sim_bridge.egg-info to /home/vicen/ISDEFE/TurtleBot_DualSim/ros2_ws/install/dual_sim_bridge/lib/python3.12/site-packages/dual_sim_bridge-1.0.0-py3.12.egg-info\n'}
[1.086381] (dual_sim_bridge) StdoutLine: {'line': b'running install_scripts\n'}
[1.100811] (-) TimerEvent: {}
[1.195691] (dual_sim_bridge) StdoutLine: {'line': b'Installing bridge_node script to /home/vicen/ISDEFE/TurtleBot_DualSim/ros2_ws/install/dual_sim_bridge/lib/dual_sim_bridge\n'}
[1.195835] (dual_sim_bridge) StdoutLine: {'line': b"writing list of installed files to '/home/vicen/ISDEFE/TurtleBot_DualSim/ros2_ws/build/dual_sim_bridge/install.log'\n"}
[1.200908] (-) TimerEvent: {}
[1.214841] (dual_sim_bridge) CommandEnded: {'returncode': 0}
[1.219656] (dual_sim_bridge) JobEnded: {'identifier': 'dual_sim_bridge', 'rc': 0}
[1.219964] (-) EventReactorShutdown: {}
