[0.000000] (-) TimerEvent: {}
[0.000401] (dual_sim_bridge) JobQueued: {'identifier': 'dual_sim_bridge', 'dependencies': OrderedDict()}
[0.001066] (dual_sim_bridge) JobStarted: {'identifier': 'dual_sim_bridge'}
[0.099988] (-) TimerEvent: {}
[0.200384] (-) TimerEvent: {}
[0.300635] (-) TimerEvent: {}
[0.400925] (-) TimerEvent: {}
[0.501250] (-) TimerEvent: {}
[0.601566] (-) TimerEvent: {}
[0.701926] (-) TimerEvent: {}
[0.802572] (-) TimerEvent: {}
[0.867363] (dual_sim_bridge) Command: {'cmd': ['/usr/bin/python3', '-W', 'ignore:setup.py install is deprecated', '-W', 'ignore:easy_install command is deprecated', 'setup.py', 'egg_info', '--egg-base', '../../build/dual_sim_bridge', 'build', '--build-base', '/home/vicen/ISDEFE/TurtleBot_DualSim/ros2_ws/build/dual_sim_bridge/build', 'install', '--record', '/home/vicen/ISDEFE/TurtleBot_DualSim/ros2_ws/build/dual_sim_bridge/install.log', '--single-version-externally-managed', 'install_data'], 'cwd': '/home/vicen/ISDEFE/TurtleBot_DualSim/ros2_ws/src/dual_sim_bridge', 'env': {'GZ_SIM_SYSTEM_PLUGIN_PATH': '/opt/ros/jazzy/lib/rmf_robot_sim_gz_plugins/:/opt/ros/jazzy/lib/rmf_building_sim_gz_plugins/', 'GJS_DEBUG_TOPICS': 'JS ERROR;JS LOG', 'LESSOPEN': '| /usr/bin/lesspipe %s', 'VSCODE_CWD': '/home/vicen', 'GZ_GUI_PLUGIN_PATH': '/opt/ros/jazzy/lib/rmf_robot_sim_gz_plugins/:/opt/ros/jazzy/lib/rmf_building_sim_gz_plugins/', 'GZ_SIM_RESOURCE_PATH': '/opt/ros/jazzy/share', 'USER': 'vicen', 'VSCODE_NLS_CONFIG': '{"userLocale":"en-us","osLocale":"en-us","resolvedLanguage":"en","defaultMessagesFile":"/usr/share/antigravity/resources/app/out/nls.messages.json","locale":"en-us","availableLanguages":{}}', 'GZ_CONFIG_PATH': '/opt/ros/jazzy/opt/gz_sim_vendor/share/gz:/opt/ros/jazzy/opt/sdformat_vendor/share/gz:/opt/ros/jazzy/opt/gz_gui_vendor/share/gz:/opt/ros/jazzy/opt/gz_transport_vendor/share/gz:/opt/ros/jazzy/opt/gz_rendering_vendor/share/gz:/opt/ros/jazzy/opt/gz_plugin_vendor/share/gz:/opt/ros/jazzy/opt/gz_fuel_tools_vendor/share/gz:/opt/ros/jazzy/opt/gz_msgs_vendor/share/gz:/opt/ros/jazzy/opt/gz_common_vendor/share/gz', 'XDG_SESSION_TYPE': 'x11', 'CLUTTER_DISABLE_MIPMAPPED_TEXT': '1', 'SHLVL': '0', 'LD_LIBRARY_PATH': '/usr/local/cuda-13.0/lib64:/opt/ros/jazzy/opt/gz_sim_vendor/lib:/opt/ros/jazzy/opt/gz_sensors_vendor/lib:/opt/ros/jazzy/opt/gz_physics_vendor/lib:/opt/ros/jazzy/opt/sdformat_vendor/lib:/opt/ros/jazzy/opt/rviz_ogre_vendor/lib:/opt/ros/jazzy/lib/x86_64-linux-gnu:/opt/ros/jazzy/opt/gz_gui_vendor/lib:/opt/ros/jazzy/opt/gz_transport_vendor/lib:/opt/ros/jazzy/opt/gz_rendering_vendor/lib:/opt/ros/jazzy/opt/gz_plugin_vendor/lib:/opt/ros/jazzy/opt/gz_fuel_tools_vendor/lib:/opt/ros/jazzy/opt/gz_msgs_vendor/lib:/opt/ros/jazzy/opt/gz_common_vendor/lib:/opt/ros/jazzy/opt/gz_math_vendor/lib:/opt/ros/jazzy/opt/gz_utils_vendor/lib:/opt/ros/jazzy/opt/gz_tools_vendor/lib:/opt/ros/jazzy/opt/gz_ogre_next_vendor/lib:/opt/ros/jazzy/opt/gz_dartsim_vendor/lib:/opt/ros/jazzy/opt/gz_cmake_vendor/lib:/opt/ros/jazzy/lib', 'HOME': '/home/vicen', 'CHROME_DESKTOP': 'antigravity.desktop', 'CONDA_SHLVL': '0', 'DESKTOP_SESSION': 'ubuntu', 'NVM_BIN': '/home/vicen/.nvm/versions/node/v24.11.0/bin', 'NVM_INC': '/home/vicen/.nvm/versions/node/v24.11.0/include/node', 'VSCODE_IPC_HOOK': '/run/user/1000/vscode-73596a91-1.10-main.sock', 'GIO_LAUNCHED_DESKTOP_FILE': '/usr/share/applications/antigravity.desktop', 'ROS_PYTHON_VERSION': '3', 'GNOME_SHELL_SESSION_MODE': 'ubuntu', 'HOMEBREW_PREFIX': '/home/linuxbrew/.linuxbrew', 'GTK_MODULES': 'gail:atk-bridge', 'PAGER': 'cat', 'MANAGERPID': '2068', 'SYSTEMD_EXEC_PID': '4122', 'GSM_SKIP_SSH_AGENT_WORKAROUND': 'true', 'DBUS_SESSION_BUS_ADDRESS': 'unix:path=/run/user/1000/bus', '_CE_M': '', 'ANTIGRAVITY_AGENT': '1', 'GIO_LAUNCHED_DESKTOP_FILE_PID': '9007', 'NVM_DIR': '/home/vicen/.nvm', 'DEBUGINFOD_URLS': 'https://debuginfod.ubuntu.com', 'INFOPATH': '/home/linuxbrew/.linuxbrew/share/info:', 'ROS_DISTRO': 'jazzy', 'LOGNAME': 'vicen', '_': '/usr/bin/colcon', 'JOURNAL_STREAM': '9:25302', 'ROS_VERSION': '2', 'MEMORY_PRESSURE_WATCH': '/sys/fs/cgroup/user.slice/user-1000.slice/user@1000.service/session.slice/org.gnome.Shell@x11.service/memory.pressure', 'XDG_SESSION_CLASS': 'user', 'USERNAME': 'vicen', 'TERM': 'dumb', 'GNOME_DESKTOP_SESSION_ID': 'this-is-deprecated', '_CE_CONDA': '', 'FC_FONTATIONS': '1', 'WINDOWPATH': '2', 'ANTIGRAVITY_EDITOR_APP_ROOT': '/usr/share/antigravity/resources/app', 'PATH': '/home/vicen/.local/bin:/usr/bin:/home/linuxbrew/.linuxbrew/bin:/home/linuxbrew/.linuxbrew/sbin:/usr/local/cuda-13.0/bin:/home/vicen/.nvm/versions/node/v24.11.0/bin:/home/vicen/anaconda3/condabin:/opt/ros/jazzy/opt/gz_msgs_vendor/bin:/opt/ros/jazzy/opt/gz_tools_vendor/bin:/opt/ros/jazzy/opt/gz_ogre_next_vendor/bin:/opt/ros/jazzy/bin:/home/vicen/.local/bin:/usr/local/sbin:/usr/local/bin:/usr/sbin:/usr/bin:/sbin:/bin:/usr/games:/usr/local/games:/snap/bin:/snap/bin', 'SESSION_MANAGER': 'local/vicen-Nitro-ANV15-52:@/tmp/.ICE-unix/4078,unix/vicen-Nitro-ANV15-52:/tmp/.ICE-unix/4078', 'INVOCATION_ID': '08ae2874692246b7b410e6babccddc3f', 'HOMEBREW_CELLAR': '/home/linuxbrew/.linuxbrew/Cellar', 'XDG_MENU_PREFIX': 'gnome-', 'XDG_RUNTIME_DIR': '/run/user/1000', 'GDK_BACKEND': 'x11', 'DISPLAY': ':1', 'LANG': 'en_US.UTF-8', 'XDG_CURRENT_DESKTOP': 'ubuntu:GNOME', 'XMODIFIERS': '@im=ibus', 'XDG_SESSION_DESKTOP': 'ubuntu', 'XAUTHORITY': '/run/user/1000/gdm/Xauthority', 'LS_COLORS': '', 'SBX_CHROME_API_RQ': '1', 'SSH_AUTH_SOCK': '/run/user/1000/keyring/ssh', 'AMENT_PREFIX_PATH': '/opt/ros/jazzy', 'CONDA_PYTHON_EXE': '/home/vicen/anaconda3/bin/python', 'SHELL': '/bin/bash', 'QT_ACCESSIBILITY': '1', 'GDMSESSION': 'ubuntu', 'LESSCLOSE': '/usr/bin/lesspipe %s %s', 'GPG_AGENT_INFO': '/run/user/1000/gnupg/S.gpg-agent:0:1', 'GJS_DEBUG_OUTPUT': 'stderr', 'ROS_AUTOMATIC_DISCOVERY_RANGE': 'SUBNET', 'QT_IM_MODULE': 'ibus', 'ANTIGRAVITY_TRAJECTORY_ID': 'dc6f2ebc-f796-42b8-955f-b6e84e679290', 'PWD': '/home/vicen/ISDEFE/TurtleBot_DualSim/ros2_ws/build/dual_sim_bridge', 'LC_ALL': 'en_US.UTF-8', 'XDG_CONFIG_DIRS': '/etc/xdg/xdg-ubuntu:/etc/xdg', 'CONDA_EXE': '/home/vicen/anaconda3/bin/conda', 'VSCODE_CODE_CACHE_PATH': '/home/vicen/.config/Antigravity/CachedData/15487b3041e65228cae24980a3f796c905ef582c', 'NVM_CD_FLAGS': '', 'XDG_DATA_DIRS': '/usr/share/ubuntu:/usr/share/gnome:/home/vicen/.local/share/flatpak/exports/share:/var/lib/flatpak/exports/share:/usr/local/share/:/usr/share/:/var/lib/snapd/desktop', 'QTWEBENGINE_DICTIONARIES_PATH': '/usr/share/hunspell-bdic/', 'PYTHONPATH': '/home/vicen/ISDEFE/TurtleBot_DualSim/ros2_ws/build/dual_sim_bridge/prefix_override:/usr/lib/python3/dist-packages/colcon_core/task/python/colcon_distutils_commands:/home/vicen/ISDEFE/TurtleBot_DualSim/ros2_ws/install/dual_sim_bridge/lib/python3.12/site-packages:/opt/ros/jazzy/lib/python/site-packages:/opt/ros/jazzy/lib/python3.12/site-packages::/opt/ros/jazzy/lib/yasmin_factory', 'HOMEBREW_REPOSITORY': '/home/linuxbrew/.linuxbrew/Homebrew', 'COLCON': '1', 'MEMORY_PRESSURE_WRITE': 'c29tZSAyMDAwMDAgMjAwMDAwMAA=', 'CMAKE_PREFIX_PATH': '/opt/ros/jazzy/opt/gz_sim_vendor:/opt/ros/jazzy/opt/gz_sensors_vendor:/opt/ros/jazzy/opt/gz_physics_vendor:/opt/ros/jazzy/opt/sdformat_vendor:/opt/ros/jazzy/opt/gz_gui_vendor:/opt/ros/jazzy/opt/gz_transport_vendor:/opt/ros/jazzy/opt/gz_rendering_vendor:/opt/ros/jazzy/opt/gz_plugin_vendor:/opt/ros/jazzy/opt/gz_fuel_tools_vendor:/opt/ros/jazzy/opt/gz_msgs_vendor:/opt/ros/jazzy/opt/gz_common_vendor:/opt/ros/jazzy/opt/gz_math_vendor:/opt/ros/jazzy/opt/gz_utils_vendor:/opt/ros/jazzy/opt/gz_tools_vendor:/opt/ros/jazzy/opt/gz_ogre_next_vendor:/opt/ros/jazzy/opt/gz_dartsim_vendor:/opt/ros/jazzy/opt/gz_cmake_vendor', 'VSCODE_PID': '9007'}, 'shell': False}
[0.902710] (-) TimerEvent: {}
[1.002986] (-) TimerEvent: {}
[1.103354] (-) TimerEvent: {}
[1.118869] (dual_sim_bridge) StdoutLine: {'line': b'running egg_info\n'}
[1.137097] (dual_sim_bridge) StdoutLine: {'line': b'writing ../../build/dual_sim_bridge/dual_sim_bridge.egg-info/PKG-INFO\n'}
[1.137488] (dual_sim_bridge) StdoutLine: {'line': b'writing dependency_links to ../../build/dual_sim_bridge/dual_sim_bridge.egg-info/dependency_links.txt\n'}
[1.137593] (dual_sim_bridge) StdoutLine: {'line': b'writing entry points to ../../build/dual_sim_bridge/dual_sim_bridge.egg-info/entry_points.txt\n'}
[1.137643] (dual_sim_bridge) StdoutLine: {'line': b'writing requirements to ../../build/dual_sim_bridge/dual_sim_bridge.egg-info/requires.txt\n'}
[1.137690] (dual_sim_bridge) StdoutLine: {'line': b'writing top-level names to ../../build/dual_sim_bridge/dual_sim_bridge.egg-info/top_level.txt\n'}
[1.175434] (dual_sim_bridge) StdoutLine: {'line': b"reading manifest file '../../build/dual_sim_bridge/dual_sim_bridge.egg-info/SOURCES.txt'\n"}
[1.176606] (dual_sim_bridge) StdoutLine: {'line': b"writing manifest file '../../build/dual_sim_bridge/dual_sim_bridge.egg-info/SOURCES.txt'\n"}
[1.176851] (dual_sim_bridge) StdoutLine: {'line': b'running build\n'}
[1.176965] (dual_sim_bridge) StdoutLine: {'line': b'running build_py\n'}
[1.177060] (dual_sim_bridge) StdoutLine: {'line': b'copying dual_sim_bridge/hla_manager.py -> /home/vicen/ISDEFE/TurtleBot_DualSim/ros2_ws/build/dual_sim_bridge/build/lib/dual_sim_bridge\n'}
[1.177138] (dual_sim_bridge) StdoutLine: {'line': b'copying dual_sim_bridge/bridge_node.py -> /home/vicen/ISDEFE/TurtleBot_DualSim/ros2_ws/build/dual_sim_bridge/build/lib/dual_sim_bridge\n'}
[1.177224] (dual_sim_bridge) StdoutLine: {'line': b'copying dual_sim_bridge/__init__.py -> /home/vicen/ISDEFE/TurtleBot_DualSim/ros2_ws/build/dual_sim_bridge/build/lib/dual_sim_bridge\n'}
[1.177298] (dual_sim_bridge) StdoutLine: {'line': b'running install\n'}
[1.180433] (dual_sim_bridge) StdoutLine: {'line': b'running install_lib\n'}
[1.199024] (dual_sim_bridge) StdoutLine: {'line': b'copying /home/vicen/ISDEFE/TurtleBot_DualSim/ros2_ws/build/dual_sim_bridge/build/lib/dual_sim_bridge/bridge_node.py -> /home/vicen/ISDEFE/TurtleBot_DualSim/ros2_ws/install/dual_sim_bridge/lib/python3.12/site-packages/dual_sim_bridge\n'}
[1.199380] (dual_sim_bridge) StdoutLine: {'line': b'byte-compiling /home/vicen/ISDEFE/TurtleBot_DualSim/ros2_ws/install/dual_sim_bridge/lib/python3.12/site-packages/dual_sim_bridge/bridge_node.py to bridge_node.cpython-312.pyc\n'}
[1.201127] (dual_sim_bridge) StdoutLine: {'line': b'running install_data\n'}
[1.201289] (dual_sim_bridge) StdoutLine: {'line': b'copying resource/dual_sim_bridge -> /home/vicen/ISDEFE/TurtleBot_DualSim/ros2_ws/install/dual_sim_bridge/share/ament_index/resource_index/packages\n'}
[1.201378] (dual_sim_bridge) StdoutLine: {'line': b'copying package.xml -> /home/vicen/ISDEFE/TurtleBot_DualSim/ros2_ws/install/dual_sim_bridge/share/dual_sim_bridge\n'}
[1.201448] (dual_sim_bridge) StdoutLine: {'line': b'copying config/gazebo_bridge.yaml -> /home/vicen/ISDEFE/TurtleBot_DualSim/ros2_ws/install/dual_sim_bridge/share/dual_sim_bridge/config\n'}
[1.201798] (dual_sim_bridge) StdoutLine: {'line': b'copying fom/DualSimFOM.xml -> /home/vicen/ISDEFE/TurtleBot_DualSim/ros2_ws/install/dual_sim_bridge/share/dual_sim_bridge/fom\n'}
[1.202470] (dual_sim_bridge) StdoutLine: {'line': b'copying launch/gazebo_bridge.launch.py -> /home/vicen/ISDEFE/TurtleBot_DualSim/ros2_ws/install/dual_sim_bridge/share/dual_sim_bridge/launch\n'}
[1.202588] (dual_sim_bridge) StdoutLine: {'line': b'running install_egg_info\n'}
[1.203411] (-) TimerEvent: {}
[1.220762] (dual_sim_bridge) StdoutLine: {'line': b"removing '/home/vicen/ISDEFE/TurtleBot_DualSim/ros2_ws/install/dual_sim_bridge/lib/python3.12/site-packages/dual_sim_bridge-1.0.0-py3.12.egg-info' (and everything under it)\n"}
[1.221548] (dual_sim_bridge) StdoutLine: {'line': b'Copying ../../build/dual_sim_bridge/dual_sim_bridge.egg-info to /home/vicen/ISDEFE/TurtleBot_DualSim/ros2_ws/install/dual_sim_bridge/lib/python3.12/site-packages/dual_sim_bridge-1.0.0-py3.12.egg-info\n'}
[1.222179] (dual_sim_bridge) StdoutLine: {'line': b'running install_scripts\n'}
[1.303494] (-) TimerEvent: {}
[1.327772] (dual_sim_bridge) StdoutLine: {'line': b'Installing bridge_node script to /home/vicen/ISDEFE/TurtleBot_DualSim/ros2_ws/install/dual_sim_bridge/lib/dual_sim_bridge\n'}
[1.327961] (dual_sim_bridge) StdoutLine: {'line': b"writing list of installed files to '/home/vicen/ISDEFE/TurtleBot_DualSim/ros2_ws/build/dual_sim_bridge/install.log'\n"}
[1.355686] (dual_sim_bridge) CommandEnded: {'returncode': 0}
[1.365520] (dual_sim_bridge) JobEnded: {'identifier': 'dual_sim_bridge', 'rc': 0}
[1.366159] (-) EventReactorShutdown: {}
